{
  "schema_version": 1,
  "dry_run": true,
  "has_failures": true,
  "results": [
  {
  "kind": "skill",
  "skill": "alpha",
  "client": "antigravity",
  "channel": "copy",
  "target": "$HOME/.gemini/config/skills/alpha",
  "action": "skipped-drift"
  },
  {
  "kind": "skill",
  "skill": "alpha",
  "client": "claude-code",
  "channel": "symlink",
  "target": "$HOME/.claude/skills/alpha",
  "action": "unchanged"
  },
  {
  "kind": "skill",
  "skill": "beta",
  "client": "antigravity",
  "channel": "copy",
  "target": "$HOME/.gemini/config/skills/beta",
  "action": "would-update"
  }
  ]
}
